src/application/useCases/GCalendar/googleCalendar.useCases.ts(2,21): error TS2307: Cannot find module '../../shared/logger/logger' or its corresponding type declarations.
src/application/useCases/GCalendar/googleCalendar.useCases.ts(3,47): error TS2307: Cannot find module '../../domain/interfaces/services/IGoogleCalendarGateway.service' or its corresponding type declarations.
src/application/useCases/GCalendar/googleCalendar.useCases.ts(7,38): error TS2307: Cannot find module '../dtos/kafka.dtos' or its corresponding type declarations.
src/domain/interfaces/services/IGoogleCalendarGateway.service.ts(1,10): error TS2305: Module '"../../../application/dtos/common.dtos"' has no exported member 'CreateGoogleCalendarEventRequest'.
src/domain/interfaces/services/IGoogleCalendarGateway.service.ts(1,44): error TS2305: Module '"../../../application/dtos/common.dtos"' has no exported member 'UpdateGoogleCalendarEventRequest'.
src/infrastructure/services/googleCalendarGatewayService.impl.ts(3,10): error TS2305: Module '"../../application/dtos/common.dtos"' has no exported member 'AddEventToCalendarProps'.
src/shared/utils/constants.ts(333,30): error TS2551: Property 'Confirmed' does not exist on type 'typeof AppointmentStatus'. Did you mean 'CONFIRMED'?
src/shared/utils/constants.ts(335,30): error TS2551: Property 'RejectedByProvider' does not exist on type 'typeof AppointmentStatus'. Did you mean 'REJECTED_BY_PROVIDER'?
src/shared/utils/constants.ts(337,30): error TS2551: Property 'Cancelled' does not exist on type 'typeof AppointmentStatus'. Did you mean 'CANCELLED'?
src/shared/utils/constants.ts(346,30): error TS2551: Property 'Confirmed' does not exist on type 'typeof AppointmentStatus'. Did you mean 'CONFIRMED'?
src/shared/utils/constants.ts(349,30): error TS2551: Property 'RejectedByProvider' does not exist on type 'typeof AppointmentStatus'. Did you mean 'REJECTED_BY_PROVIDER'?
src/shared/utils/constants.ts(352,30): error TS2551: Property 'Cancelled' does not exist on type 'typeof AppointmentStatus'. Did you mean 'CANCELLED'?
src/shared/utils/constants.ts(379,38): error TS2551: Property 'Confirmed' does not exist on type 'typeof AppointmentStatus'. Did you mean 'CONFIRMED'?
src/shared/utils/constants.ts(381,38): error TS2551: Property 'RejectedByProvider' does not exist on type 'typeof AppointmentStatus'. Did you mean 'REJECTED_BY_PROVIDER'?
src/shared/utils/constants.ts(399,41): error TS2551: Property 'Paid' does not exist on type 'typeof PaymentStatus'. Did you mean 'PAID'?
src/shared/utils/constants.ts(403,41): error TS2551: Property 'Refunded' does not exist on type 'typeof PaymentStatus'. Did you mean 'REFUNDED'?
src/shared/utils/constants.ts(415,39): error TS2551: Property 'Paid' does not exist on type 'typeof PaymentStatus'. Did you mean 'PAID'?
src/shared/utils/constants.ts(435,59): error TS2551: Property 'Refunded' does not exist on type 'typeof PaymentStatus'. Did you mean 'REFUNDED'?
src/shared/utils/constants.ts(442,41): error TS2551: Property 'Paid' does not exist on type 'typeof PaymentStatus'. Did you mean 'PAID'?
src/shared/utils/constants.ts(462,41): error TS2551: Property 'Paid' does not exist on type 'typeof PaymentStatus'. Did you mean 'PAID'?
src/shared/utils/constants.ts(466,41): error TS2551: Property 'Refunded' does not exist on type 'typeof PaymentStatus'. Did you mean 'REFUNDED'?
src/shared/utils/constants.ts(478,39): error TS2551: Property 'Paid' does not exist on type 'typeof PaymentStatus'. Did you mean 'PAID'?
src/shared/utils/constants.ts(499,59): error TS2551: Property 'Refunded' does not exist on type 'typeof PaymentStatus'. Did you mean 'REFUNDED'?
src/shared/utils/constants.ts(507,41): error TS2551: Property 'Paid' does not exist on type 'typeof PaymentStatus'. Did you mean 'PAID'?
